<?xml version="1.0" encoding="utf-8"?><testsuites name="pytest tests"><testsuite name="pytest" errors="0" failures="0" skipped="0" tests="8" time="106.866" timestamp="2026-04-24T02:44:57.738629+03:00" hostname="DESKTOP-KINGSLEY"><testcase classname="tests.test_admin_workflow" name="test_user_management" time="67.889" /><testcase classname="tests.test_login" name="test_valid_login" time="10.169" /><testcase classname="tests.test_login" name="test_invalid_login_1" time="5.192" /><testcase classname="tests.test_login" name="test_invalid_login_2" time="4.424" /><testcase classname="tests.test_login" name="test_login_with_empty_fields_1" time="4.396" /><testcase classname="tests.test_login" name="test_login_with_empty_fields_2" time="3.704" /><testcase classname="tests.test_login" name="test_login_with_empty_fields_3" time="3.766" /><testcase classname="tests.test_login" name="test_logout" time="6.715" /></testsuite></testsuites>